Checking for wasm32-unknown-unknown target...
Checking connection to Arbitrum Sepolia...
Connected to Arbitrum Sepolia!
Deployer address: 0xd649CB59755EbC44610a8e5F15D3C93C3aEb08F1
Deploying first ERC20 token contract (Token0) to Arbitrum Sepolia...
Token0 contract deployed at address: 0x796861e9f29ce864924642fcd6355f84e74bb1f7
Token0 transaction hash: 0x0ed88a02f316130b7009053396a01896360d4a38ade890a02394118ce9590fa9
Deploying second ERC20 token contract (Token1) to Arbitrum Sepolia...
Token1 contract deployed at address: 0x86f0b12f57980790bbff3c9c8fcc00c4d7de5019
Token1 transaction hash: 0x9b334bce00a536d362aae58659c63378ba4d78b6a8cf6acf58233f9053499f68
Minting tokens for testing...

blockHash            0xf273ef0bddb6938a0756daaf5f7254ac0ccb23dbd1515ca892ed656e37651a05
blockNumber          180789847
contractAddress      
cumulativeGasUsed    1163008
effectiveGasPrice    100000000
from                 0xd649CB59755EbC44610a8e5F15D3C93C3aEb08F1
gasUsed              72311
logs                 [{"address":"0x796861e9f29ce864924642fcd6355f84e74bb1f7","topics":["0xddf252ad1be2c89b69c2b068fc378daa952ba7f163c4a11628f55a4df523b3ef","0x0000000000000000000000000000000000000000000000000000000000000000","0x000000000000000000000000d649cb59755ebc44610a8e5f15d3c93c3aeb08f1"],"data":"0x00000000000000000000000000000000000000000000003635c9adc5dea00000","blockHash":"0xf273ef0bddb6938a0756daaf5f7254ac0ccb23dbd1515ca892ed656e37651a05","blockNumber":"0xac6a257","transactionHash":"0x0eccf30f80c96224903ba8fa4c6a74ef0edfccf7616fa692301d890589d6ff9a","transactionIndex":"0xb","logIndex":"0x1d","removed":false}]
logsBloom            0x00008000000000000000000000000000000000000000000000400000000000000000000000000000000000000000000000000000000000200000000000000000000000100000000000000008000000000000000000000000000000000000000000000000020000000000000000000800000000100000000000000010000000000000000000000000000000000000000000000000000000000000000000000000000000000000000000000000000000000000000000000000000000000200000000000002000000000000000000000000000000000000000000000000000020000000000000000000000000000000000000000000000000000000000000000000
root                 
status               1 (success)
transactionHash      0x0eccf30f80c96224903ba8fa4c6a74ef0edfccf7616fa692301d890589d6ff9a
transactionIndex     11
type                 2
blobGasPrice         
blobGasUsed          
to                   0x796861E9F29cE864924642fCD6355F84E74bb1F7
gasUsedForL1         0
l1BlockNumber        8915656
timeboosted          false


blockHash            0x863673d095c5b97359fb11575cfcba4fed91a4e3c201235448cf1682ef222814
blockNumber          180789862
contractAddress      
cumulativeGasUsed    244500
effectiveGasPrice    100000000
from                 0xd649CB59755EbC44610a8e5F15D3C93C3aEb08F1
gasUsed              72311
logs                 [{"address":"0x86f0b12f57980790bbff3c9c8fcc00c4d7de5019","topics":["0xddf252ad1be2c89b69c2b068fc378daa952ba7f163c4a11628f55a4df523b3ef","0x0000000000000000000000000000000000000000000000000000000000000000","0x000000000000000000000000d649cb59755ebc44610a8e5f15d3c93c3aeb08f1"],"data":"0x00000000000000000000000000000000000000000000003635c9adc5dea00000","blockHash":"0x863673d095c5b97359fb11575cfcba4fed91a4e3c201235448cf1682ef222814","blockNumber":"0xac6a266","transactionHash":"0x9248281e10906ddd5f70b1643f90ba16fb5e828fa017ced524fe470ef91ae9df","transactionIndex":"0x2","logIndex":"0x4","removed":false}]
logsBloom            0x00008000000000000000000000000000000000040000000000400000000000000000000000000000000000000000000000000000000000000000000000000000000000000000000000000008000000000000000000000000000000000000000000000000020001000000000000000800000000100000000000000010000000000000000000000000000000000000000000000000000000000000000000000000000000000000000000000000000000000000000000000000000000000000000000000002000000000000000000200000000000000000000000000000000020000000000000000000000000000000000000000000000000000000000000000000
root                 
status               1 (success)
transactionHash      0x9248281e10906ddd5f70b1643f90ba16fb5e828fa017ced524fe470ef91ae9df
transactionIndex     2
type                 2
blobGasPrice         
blobGasUsed          
to                   0x86F0b12f57980790BbFF3c9C8FCC00c4d7DE5019
gasUsedForL1         0
l1BlockNumber        8915657
timeboosted          false

Tokens minted to deployer address.
Deploying the Uniswap V2 contract to Arbitrum Sepolia using cargo stylus...
Uniswap V2 contract deployed successfully!
Transaction hash: 0x0191e1e2506f70cd0bdb9d3ec930d97f9f99fdeead3bd17dde3ab4a25a93ab04
Uniswap V2 contract address: 0xc474646e0e15894a58bb109d53f27cb01b52ca5b
Deployment info saved to build/stylus-deployment-info.json
Deployment completed successfully on Arbitrum Sepolia!
Summary of deployed contracts:
- Token0: 0x796861e9f29ce864924642fcd6355f84e74bb1f7
- Token1: 0x86f0b12f57980790bbff3c9c8fcc00c4d7de5019
- Uniswap V2: 0xc474646e0e15894a58bb109d53f27cb01b52ca5b
